[backblue.gif]
[fade.gif]
[index.html]
[cdnjs.cloudflare.com/ajax/libs/normalize/8.0.1/normalize.min.css]
[connect.facebook.net/en_US/fbevents.js]
[ajax.googleapis.com/ajax/libs/jquery/3.6.0/jquery.min.js]
[www.ishiikomuten.jp/media/images/company_info/aisatu/190207_203841.jpg]
[www.ishiikomuten.jp/media/images/company_info/aisatu/img_message.png]
[www.ishiikomuten.jp/js/common0999.js]
[www.ishiikomuten.jp/company_info/aisatu/index.html]
[cdnjs.cloudflare.com/ajax/libs/normalize/8.0.1/normalize.min.css]
[www.ishiikomuten.jp/resources/_block-editor/style.css]
[www.ishiikomuten.jp/css/common0999.css]
[www.ishiikomuten.jp/css/company_info0999.css]
[www.googletagmanager.com/gtm5445.html]
[connect.facebook.net/en_US/fbevents.js]
[www.ishiikomuten.jp/company_info/aisatu/a/index.html]
[www.ishiikomuten.jp/company_info/aisatu/POST/index.html]
[www.ishiikomuten.jp/company_info/aisatu/schema.org/index.html]
[www.ishiikomuten.jp/company_info/aisatu/b.html]
[www.ishiikomuten.jp/signals/iwl.html]
[www.ishiikomuten.jp/company_info/aisatu/c.html]
[www.ishiikomuten.jp/company_info/aisatu/c-2.html]
